my_MM	uca	word
5	1	ကံ
7	2	ကက်
1	3	ကာ
6	4	ကို
2	5	ကီ
3	6	ကု
4	7	ကူ
11	10	ကြွ
10	11	ကှ
15	13	ခို
13	15	ခါ
