id	phrase
1	မြန်မာစကား
2	စကာလုံးများ
3	ဘယ်နှလုံးလဲ။
4	ဘာလုပ်မလဲ။
5	မြန်မာဘာသာစကား
6	မြန်မာလူမျို
7	မြန်မာနိုင်ငံ
8	နိုင်ငံရေး
9	လူများတယ်
10	အင်္ဂလိန်ကမြန်မာပြည်ကိုလားတယ်။
မ%
မ%
မြ%
မြ%
id	phrase
1	မြန်မာစကား
5	မြန်မာဘာသာစကား
6	မြန်မာလူမျို
7	မြန်မာနိုင်ငံ
%န%
%န%
%န်%
%န်%
id	phrase
1	မြန်မာစကား
5	မြန်မာဘာသာစကား
6	မြန်မာလူမျို
7	မြန်မာနိုင်ငံ
10	အင်္ဂလိန်ကမြန်မာပြည်ကိုလားတယ်။
%လုံး%
%လုံး%
id	phrase
2	စကာလုံးများ
3	ဘယ်နှလုံးလဲ။
%မျ%
%မျ%
%များ
%များ
id	phrase
2	စကာလုံးများ
%မျ%
%မျ%
%မာ%။
%မာ%။
id	phrase
10	အင်္ဂလိန်ကမြန်မာပြည်ကိုလားတယ်။
%မာ%ကား
%မာ%ကား
id	phrase
1	မြန်မာစကား
5	မြန်မာဘာသာစကား
%မာ%ကို%
%မာ%ကို%
id	phrase
10	အင်္ဂလိန်ကမြန်မာပြည်ကိုလားတယ်။
မြန်%မာ%
မြန်%မာ%
id	phrase
1	မြန်မာစကား
5	မြန်မာဘာသာစကား
6	မြန်မာလူမျို
7	မြန်မာနိုင်ငံ
%က__
%က__
_ူ
_ူ
%မာ_ကား%
%မာ_ကား%
id	phrase
1	မြန်မာစကား
